numTokenTypes	1059
numTokensPerExample	4/ << 8.426 ~ 2.563 >> /20 (427)
numExamples.train	341
numExamples.dev	86
dev.exec-time.count	1856.0
dev.exec-time.mean	7.461745689655173
dev.exec-time.max	428.0
dev.exec-error.count	1856.0
dev.exec-error.mean	0.0
dev.exec-error.max	0.0
iter	6
train.parsed.count	341.0
train.parsed.mean	0.9794721407624634
train.parsed.max	1.0
train.numTokens.count	341.0
train.numTokens.mean	8.539589442815249
train.numTokens.max	20.0
train.maxCellSize.count	341.0
train.maxCellSize.mean	81713.72434017595
train.maxCellSize.max	645070.0
train.fallOffBeam.count	341.0
train.fallOffBeam.mean	0.9824046920821115
train.fallOffBeam.max	1.0
train.coarseParseTime.count	341.0
train.coarseParseTime.mean	20.322580645161292
train.coarseParseTime.max	520.0
train.parseTime.count	341.0
train.parseTime.mean	16060.947214076246
train.parseTime.max	1318468.0
train.valueCorrect.count	341.0
train.valueCorrect.mean	0.05278592375366569
train.valueCorrect.max	1.0
train.formulaCorrect.count	341.0
train.formulaCorrect.mean	0.04398826979472141
train.formulaCorrect.max	1.0000000000000002
train.correct.count	341.0
train.correct.mean	0.04398826979472141
train.correct.max	1.0000000000000002
train.oracle.count	341.0
train.oracle.mean	0.06744868035190615
train.oracle.max	1.0
train.partCorrect.count	341.0
train.partCorrect.mean	0.06023693640995694
train.partCorrect.max	1.0000000000000002
train.partOracle.count	341.0
train.partOracle.mean	0.09698353943221978
train.partOracle.max	1.0
train.meanBeamJump.count	341.0
train.meanBeamJump.mean	247.35277544734782
train.meanBeamJump.max	7085.509891640868
train.meanRootBeamJump.count	341.0
train.meanRootBeamJump.mean	20.637111436950143
train.meanRootBeamJump.max	2182.065
train.numCandidates.count	341.0
train.numCandidates.mean	193.4926686217009
train.numCandidates.max	200.0
train.parsedNumCandidates.count	334.0
train.parsedNumCandidates.mean	197.54790419161677
train.parsedNumCandidates.max	200.0
train.exec-cached.count	65981.0
train.exec-cached.mean	0.9004410360558343
train.exec-cached.max	1.0
train.exec-time.count	6569.0
train.exec-time.mean	7.74136093773786
train.exec-time.max	3028.0
train.exec-error.count	6569.0
train.exec-error.mean	1.5223017202009437E-4
train.exec-error.max	1.0
train.correctIndexAfterParse.count	23.0
train.correctIndexAfterParse.mean	0.8260869565217391
train.correctIndexAfterParse.max	5.0
train.correctMaxBeamPosition.count	23.0
train.correctMaxBeamPosition.mean	19.608695652173914
train.correctMaxBeamPosition.max	176.0
train.correctMaxUnsortedBeamPosition.count	23.0
train.correctMaxUnsortedBeamPosition.mean	1529.4347826086957
train.correctMaxUnsortedBeamPosition.max	20171.0
train.unary.count	12703.0
train.unary.mean	0.29016767692671025
train.unary.max	1.0
train.entity.count	104869.0
train.entity.mean	0.43877599671971695
train.entity.max	1.0
group	dev
example	85
log.note	
exec.memory	8.3G
exec.time	16h0m
exec.errors	712
exec.warnings	0
dev.parsed.count	86.0
dev.parsed.mean	0.9883720930232558
dev.parsed.max	1.0
dev.numTokens.count	86.0
dev.numTokens.mean	7.976744186046512
dev.numTokens.max	17.0
dev.maxCellSize.count	86.0
dev.maxCellSize.mean	69001.62790697675
dev.maxCellSize.max	659138.0
dev.fallOffBeam.count	86.0
dev.fallOffBeam.mean	1.0
dev.fallOffBeam.max	1.0
dev.coarseParseTime.count	86.0
dev.coarseParseTime.mean	15.546511627906977
dev.coarseParseTime.max	237.0
dev.parseTime.count	86.0
dev.parseTime.mean	14772.82558139535
dev.parseTime.max	322186.0
dev.valueCorrect.count	86.0
dev.valueCorrect.mean	0.023255813953488372
dev.valueCorrect.max	1.0
dev.formulaCorrect.count	86.0
dev.formulaCorrect.mean	0.023255813953488372
dev.formulaCorrect.max	1.0
dev.correct.count	86.0
dev.correct.mean	0.023255813953488372
dev.correct.max	1.0
dev.oracle.count	86.0
dev.oracle.mean	0.08139534883720931
dev.oracle.max	1.0
dev.partCorrect.count	86.0
dev.partCorrect.mean	0.058388704318936877
dev.partCorrect.max	1.0
dev.partOracle.count	86.0
dev.partOracle.mean	0.11924141749723145
dev.partOracle.max	1.0
dev.meanBeamJump.count	86.0
dev.meanBeamJump.mean	166.9814231002597
dev.meanBeamJump.max	1835.2392606516282
dev.meanRootBeamJump.count	86.0
dev.meanRootBeamJump.mean	11.38593023255814
dev.meanRootBeamJump.max	590.385
dev.numCandidates.count	86.0
dev.numCandidates.mean	197.67441860465115
dev.numCandidates.max	200.0
dev.parsedNumCandidates.count	85.0
dev.parsedNumCandidates.mean	200.0
dev.parsedNumCandidates.max	200.0
dev.exec-cached.count	17000.0
dev.exec-cached.mean	1.0
dev.exec-cached.max	1.0
dev.correctIndexAfterParse.count	7.0
dev.correctIndexAfterParse.mean	4.428571428571429
dev.correctIndexAfterParse.max	10.0
dev.correctMaxBeamPosition.count	7.0
dev.correctMaxBeamPosition.mean	103.57142857142857
dev.correctMaxBeamPosition.max	180.0
dev.correctMaxUnsortedBeamPosition.count	7.0
dev.correctMaxUnsortedBeamPosition.mean	1271.857142857143
dev.correctMaxUnsortedBeamPosition.max	5982.0
dev.unary.count	13076.0
dev.unary.mean	0.2896145610278373
dev.unary.max	1.0
dev.entity.count	107653.0
dev.entity.mean	0.43930034462578843
dev.entity.max	1.0
exec.disk	142M
exec.status	done
